[2026/09/17 12:38:30] System memory initialized
[2026/09/17 12:38:30] File Management Utilities initialized
[2026/09/17 12:38:30] Command Line Interface Utilities initialized
[2026/09/17 12:38:30] System Self-Check passed
[2026/09/17 12:38:30] System started Normal
[2026/09/17 12:38:30] Data files loaded from ../data
[2026/09/17 14:04:53] System memory initialized
[2026/09/17 14:04:53] File Management Utilities initialized
[2026/09/17 14:04:53] Command Line Interface Utilities initialized
[2026/09/17 14:04:53] System Self-Check passed
[2026/09/17 14:04:53] System started Normal
[2026/09/17 14:04:53] Data files loaded from /Users/duhaoze/Desktop/ICP-Group-Assignment/data
[2026/09/17 14:05:22] System shutdown
[2026/09/17 14:21:36] System memory initialized
[2026/09/17 14:21:36] File Management Utilities initialized
[2026/09/17 14:21:36] Command Line Interface Utilities initialized
[2026/09/17 14:21:36] System Self-Check passed
[2026/09/17 14:21:36] System started Normal
[2026/09/17 14:21:36] Data files loaded from ../data
[2026/09/17 14:33:51] System memory initialized
[2026/09/17 14:33:51] File Management Utilities initialized
[2026/09/17 14:33:51] Command Line Interface Utilities initialized
[2026/09/17 14:33:51] System Self-Check passed
[2026/09/17 14:33:51] System started Normal
[2026/09/17 14:33:51] Data files loaded from ../data
[2026/09/17 14:38:12] Login OK: role=Manager id=A001 name=Du Haoze
[2026/09/17 14:38:23] Manager viewed all staff accounts
[2026/09/17 14:39:09] Logout: role=Manager id=A001
[2026/09/17 14:39:18] All data saved to file
[2026/09/17 14:39:18] System shutdown
[2026/09/17 14:39:18] System successfully shut down
[2026/09/17 14:40:11] System memory initialized
[2026/09/17 14:40:11] File Management Utilities initialized
[2026/09/17 14:40:11] Command Line Interface Utilities initialized
[2026/09/17 14:40:11] System Self-Check passed
[2026/09/17 14:40:11] System started Normal
[2026/09/17 14:40:11] Data files loaded from ../data
[2026/09/17 14:40:17] All data saved to file
[2026/09/17 14:40:17] System shutdown
[2026/09/17 14:40:17] System successfully shut down
[2026/09/17 15:23:02] System memory initialized
[2026/09/17 15:23:02] File Management Utilities initialized
[2026/09/17 15:23:02] Command Line Interface Utilities initialized
[2026/09/17 15:23:02] System Self-Check passed
[2026/09/17 15:23:02] System started Normal
[2026/09/17 15:23:02] Data files loaded from ../data
[2026/09/17 15:23:41] System memory initialized
[2026/09/17 15:23:41] File Management Utilities initialized
[2026/09/17 15:23:41] Command Line Interface Utilities initialized
[2026/09/17 15:23:41] System Self-Check passed
[2026/09/17 15:23:41] System started Normal
[2026/09/17 15:23:41] Data files loaded from ../data
[2026/09/17 15:23:47] All data saved to file
[2026/09/17 15:23:47] System shutdown
[2026/09/17 15:23:47] System successfully shut down
[2026/09/17 15:24:47] System memory initialized
[2026/09/17 15:24:47] File Management Utilities initialized
[2026/09/17 15:24:47] Command Line Interface Utilities initialized
[2026/09/17 15:24:47] System Self-Check passed
[2026/09/17 15:24:47] System started Normal
[2026/09/17 15:24:47] Data files loaded from ../data
[2026/09/17 15:25:13] All data saved to file
[2026/09/17 15:25:13] System shutdown
[2026/09/17 15:25:13] System successfully shut down
